undocumented/t02_special.d(8): Undocumented public declaration: StructDeclaration `bad01`
undocumented/t02_special.d(10): Undocumented public declaration: VarDeclaration `c`
