undocumented/t03_convention.d(3,6): Undocumented public declaration: FuncDeclaration `bad1`
