undocumented/t04_deprecated.d(3,6): Undocumented public declaration: FuncDeclaration `bad1`
